+2E-7/second
+66.7000000*meter^3/(kilogram*second^2)
+2023988005997001197.0154391*kilogram*second^4

