use function to calculate factorial
x=6.0
6.0!=720.0
x=7.0 y=5.0 z=3.0
x is biggest
x is not smallest
y is smaller than x
