seconds:2551392.0*second
Number is:2551392.0
Unit is:second
hours:708.72*hour
4.036521081066972E8*meter^1.0
Number is:4.036521081066972E8
Unit is:meter^1.0
