1*meter^2/second^2
1*meter^2/second^2
1*second^2
1*meter^3/second^3
